TD
45.8925
46.36875
46.737547.4547.862548.187548.637549.0549.562550.12550.57550.92551.312551.862552.3552.8553.487554.112554.787555.487556.156.562556.97557.357.57557.987558.412558.92559.37559.72560.212560.52560.662560.97561.237561.47561.9562.512563.0563.762564.637565.487566.37567.02567.47567.912568.287568.787569.412569.97570.512571.087571.712572.4573.137573.687574.12574.57574.912575.312576.177.012577.97578.862579.580.087580.987582.17583.47584.737585.937587.17588.22588.92589.362589.689.7590.012590.337590.87591.812593.012594.17594.97595.696.187596.8597.598.2599.212599.687599.737599.312598.437598.02597.87597.737597.77597.8598.07598.62599.5125100.1875100.8625101.6375102.4103.425104.3375105.5875107.125108.4375109.9
111.325
114.175