MA
46.35
47.12547.77547.9548.42548.8549.2549.87550.37550.77551.07551.5552.17552.52553.17553.854.42555.1555.82556.37556.7557.257.457.7558.22558.659.2559.559.9560.47560.57560.7561.261.27561.67562.22562.863.364.22565.0565.92566.82567.22567.72568.168.47569.169.72570.22570.871.37572.0572.8573.42573.9574.374.8574.97575.6576.5577.47578.47579.2579.7580.42581.5582.884.1585.32586.5587.888.6589.289.52589.67589.82590.290.47591.27592.3593.67594.67595.27595.92596.4597.2597.7598.7599.67599.799.77598.8598.02598.02597.72597.7597.897.998.2599100.025100.35101.375101.9102.9103.95104.725106.45107.8109.075110.725